// Jest Snapshot v1, https://goo.gl/fbAQLP

exports[`PersonalPlaylists.jsx matches the snapshot for empty props 1`] = `null`;
